// Jest Snapshot v1, https://goo.gl/fbAQLP

exports[`Tests in GifGridItem should display component correctly 1`] = `
<div
  className="card animate__animated animate__fadeIn"
>
  <p>
    Gif Title
  </p>
  <img
    alt="Gif Title"
    src="https://localhost:3000"
  />
</div>
`;
